// Jest Snapshot v1, https://goo.gl/fbAQLP

exports[`Navbar tests Renders Navbar component 1`] = `
<nav
  className="nav-container"
>
  <h1
    className="nav-header"
  >
    Math Magicians
  </h1>
  <ul
    className="nav-list"
  >
    <li>
      <a
        aria-current="page"
        className="active"
        href="/"
        onClick={[Function]}
      >
        Home
      </a>
    </li>
    <li>
      <a
        className=""
        href="/Calculator"
        onClick={[Function]}
      >
        Calculator
      </a>
    </li>
    <li>
      <a
        className=""
        href="/Quote"
        onClick={[Function]}
      >
        Quote
      </a>
    </li>
  </ul>
</nav>
`;
